root@vlxweb12:/var/www/assessment# cd /var/www/assessment
git pull origin main
sudo supervisorctl restart assessments
remote: Enumerating objects: 17, done.
remote: Counting objects: 100% (17/17), done.
remote: Compressing objects: 100% (3/3), done.
remote: Total 12 (delta 9), reused 12 (delta 9), pack-reused 0 (from 0)
Unpacking objects: 100% (12/12), 18.32 KiB | 852.00 KiB/s, done.
From https://github.com/GruppenIT/assessment
 * branch            main       -> FETCH_HEAD
   fde4831..49484e6  main       -> origin/main
Updating fde4831..49484e6
error: Your local changes to the following files would be overwritten by merge:
        deploy_fluxo_sem_atrito.sh
Please commit your changes or stash them before you merge.
Aborting
assessments: ERROR (no such process)
assessments: ERROR (no such process)
root@vlxweb12:/var/www/assessment# rm -fr deploy_fluxo_sem_atrito.sh
root@vlxweb12:/var/www/assessment# cd /var/www/assessment
git pull origin main
sudo supervisorctl restart assessments
From https://github.com/GruppenIT/assessment
 * branch            main       -> FETCH_HEAD
Updating fde4831..49484e6
Fast-forward
 attached_assets/image_1760541766370.png | Bin 0 -> 17958 bytes
 deploy_fluxo_sem_atrito.sh              |  12 +++++++++---
 utils/email_utils.py                    |   2 +-
 3 files changed, 10 insertions(+), 4 deletions(-)
 create mode 100644 attached_assets/image_1760541766370.png
assessments: ERROR (no such process)
assessments: ERROR (no such process)
root@vlxweb12:/var/www/assessment# cd /var/www/assessment
git pull origin main
sudo systemctl restart assessments.service
From https://github.com/GruppenIT/assessment
 * branch            main       -> FETCH_HEAD
Already up to date.
Failed to restart assessments.service: Unit assessments.service not found.
root@vlxweb12:/var/www/assessment# history | grep systemctl
 1951  sudo systemctl restart assessments.service
 1952  history | grep systemctl
root@vlxweb12:/var/www/assessment#